 VXDMON

 Timestamp is 3aec8ea9 (Sun Apr 29 17:59:05 2001)

 Preferred load address is 00400000

 Start         Length     Name                   Class
 0001:00000000 00002910H _LDATA                  CODE
 0001:00002910 000004dbH _LTEXT                  CODE
 0002:00000000 0000001bH _IDATA                  CODE
 0002:0000001c 00000080H _ITEXT                  CODE

  Address         Publics by Value              Rva+Base     Lib:Object

 0001:00000178       HookTemplateProc           00401178 f   vxdmon.obj
 0001:000028c0       VXDMON_DDB                 004038c0     vxdmon.obj
 0001:00002910       MonEnter                   00403910 f   vxdmon.obj
 0001:00002959       MonExit                    00403959 f   vxdmon.obj
 0001:000029a5       MRUEnter                   004039a5 f   vxdmon.obj
 0001:00002a03       MRUExit                    00403a03 f   vxdmon.obj
 0001:00002a27       InitHookTable              00403a27 f   vxdmon.obj
 0001:00002a88       InitReturnTable            00403a88 f   vxdmon.obj
 0001:00002ac9       Vxdmon_Control             00403ac9 f   vxdmon.obj
 0001:00002ae2       VXDMON_ioctl               00403ae2 f   vxdmon.obj
 0001:00002d37       VXDMON_Device_Exit         00403d37 f   vxdmon.obj
 0002:00000054       VXDMON_Device_Init         00403e54 f   vxdmon.obj

 entry point at        0000:00000000

 Static symbols

 0001:0000016c       $$$00001                   0040116c f   vxdmon.obj
 0001:00000190       $$$00003                   00401190 f   vxdmon.obj
 0001:00002910       $$$00004                   00403910 f   vxdmon.obj
 0002:0000001b       $$$00005                   00403e1b f   vxdmon.obj
 0001:00002910       $$$00006                   00403910 f   vxdmon.obj
 0001:00002910       $$$00007                   00403910 f   vxdmon.obj
 0001:00002910       $$$00008                   00403910 f   vxdmon.obj
 0001:00002959       $$$00010                   00403959 f   vxdmon.obj
 0001:000029a5       $$$00012                   004039a5 f   vxdmon.obj
 0001:00002a03       $$$00014                   00403a03 f   vxdmon.obj
 0001:00002a27       $$$00016                   00403a27 f   vxdmon.obj
 0001:00002a88       $$$00018                   00403a88 f   vxdmon.obj
 0001:00002ae2       $$$00021                   00403ae2 f   vxdmon.obj
 0001:00002d37       $$$00023                   00403d37 f   vxdmon.obj
 0001:00002deb       $$$00025                   00403deb f   vxdmon.obj
 0002:00000054       $$$00026                   00403e54 f   vxdmon.obj
 0002:0000009c       $$$00028                   00403e9c f   vxdmon.obj

Line numbers for vxdmon.obj(vxdmon.asm) segment LCODE_vxdpn

   125 0001:0000016c   125 0001:00000178   128 0001:0000017d   148 0001:00000190
   193 0001:00002910   197 0001:00002911   199 0001:00002912   200 0001:00002913
   201 0001:00002914   202 0001:00002915   205 0001:00002916   206 0001:0000291a
   209 0001:00002920   212 0001:00002923   213 0001:00002928   214 0001:0000292b
   217 0001:00002931   218 0001:00002933   221 0001:00002937   224 0001:0000293a
   227 0001:0000293d   228 0001:00002941   231 0001:00002944   234 0001:0000294b
   235 0001:0000294d   236 0001:00002950   238 0001:00002953   239 0001:00002954
   240 0001:00002955   241 0001:00002956   242 0001:00002957   243 0001:00002958
   251 0001:00002959   253 0001:0000295a   254 0001:0000295b   255 0001:0000295c
   256 0001:0000295d   259 0001:0000295e   262 0001:0000295f   263 0001:00002963
   264 0001:00002969   267 0001:0000296e   268 0001:00002970   269 0001:00002973
   270 0001:00002976   271 0001:00002979   274 0001:0000297c   275 0001:0000297f
   278 0001:00002983   281 0001:00002986   282 0001:00002988   283 0001:0000298b
   284 0001:00002991   287 0001:00002994   290 0001:0000299a   292 0001:0000299f
   293 0001:000029a0   294 0001:000029a1   295 0001:000029a2   296 0001:000029a3
   297 0001:000029a4   302 0001:000029a5   305 0001:000029aa   306 0001:000029ac
   310 0001:000029ae   311 0001:000029b3   312 0001:000029b6   313 0001:000029b8
   315 0001:000029ba   316 0001:000029c0   319 0001:000029c2   320 0001:000029c5
   321 0001:000029c7   322 0001:000029cb   323 0001:000029cc   324 0001:000029cf
   327 0001:000029d2   328 0001:000029d4   329 0001:000029d7   332 0001:000029da
   333 0001:000029df   334 0001:000029e4   337 0001:000029e9   341 0001:000029ea
   342 0001:000029ef   344 0001:000029f4   345 0001:000029f6   346 0001:000029fc
   348 0001:00002a02   352 0001:00002a03   355 0001:00002a08   356 0001:00002a0a
   358 0001:00002a0c   359 0001:00002a0f   360 0001:00002a15   361 0001:00002a17
   363 0001:00002a19   365 0001:00002a1e   367 0001:00002a1f   368 0001:00002a21
   371 0001:00002a26   380 0001:00002a27   385 0001:00002a43   386 0001:00002a48
   387 0001:00002a4a   388 0001:00002a50   389 0001:00002a56   390 0001:00002a5b
   391 0001:00002a5d   393 0001:00002a5e   395 0001:00002a60   396 0001:00002a65
   397 0001:00002a67   399 0001:00002a6d   400 0001:00002a70   401 0001:00002a73
   402 0001:00002a76   404 0001:00002a79   405 0001:00002a7e   406 0001:00002a80
   407 0001:00002a82   408 0001:00002a84   409 0001:00002a87   417 0001:00002a88
   419 0001:00002a8e   420 0001:00002a94   421 0001:00002a9a   422 0001:00002a9f
   423 0001:00002aa4   425 0001:00002aa5   426 0001:00002aa7   427 0001:00002aac
   428 0001:00002aae   429 0001:00002ab4   430 0001:00002ab7   431 0001:00002aba
   432 0001:00002abf   433 0001:00002ac1   434 0001:00002ac3   435 0001:00002ac5
   436 0001:00002ac8   456 0001:00002ac9   459 0001:00002ad2   460 0001:00002adb
   461 0001:00002ae0   462 0001:00002ae1   478 0001:00002ae2   481 0001:00002aec
   482 0001:00002aef   483 0001:00002af0   484 0001:00002af6   485 0001:00002afc
   491 0001:00002b03   497 0001:00002b08   504 0001:00002b0d   505 0001:00002b12
   506 0001:00002b18   509 0001:00002b19   510 0001:00002b1c   513 0001:00002b22
   514 0001:00002b23   515 0001:00002b24   516 0001:00002b26   517 0001:00002b28
   518 0001:00002b2b   519 0001:00002b2e   520 0001:00002b31   521 0001:00002b34
   522 0001:00002b35   524 0001:00002b36   525 0001:00002b39   530 0001:00002b3b
   531 0001:00002b40   536 0001:00002b42   540 0001:00002b47   541 0001:00002b49
   542 0001:00002b4c   544 0001:00002b4e   545 0001:00002b54   547 0001:00002b57
   550 0001:00002b58   551 0001:00002b5b   554 0001:00002b61   555 0001:00002b64
   556 0001:00002b66   557 0001:00002b69   558 0001:00002b6c   559 0001:00002b72
   561 0001:00002b74   562 0001:00002b75   563 0001:00002b7a   564 0001:00002b7c
   565 0001:00002b7d   567 0001:00002b7f   568 0001:00002b85   571 0001:00002b87
   572 0001:00002b89   573 0001:00002b8c   574 0001:00002b8f   575 0001:00002b92
   577 0001:00002b95   578 0001:00002b96   580 0001:00002b97   581 0001:00002b9a
   588 0001:00002b9c   589 0001:00002b9f   592 0001:00002ba1   593 0001:00002bab
   594 0001:00002bad   595 0001:00002bb0   596 0001:00002bb6   597 0001:00002bbc
   598 0001:00002bbe   599 0001:00002bc4   601 0001:00002bc6   602 0001:00002bd0
   603 0001:00002bd6   604 0001:00002bd9   607 0001:00002bdf   608 0001:00002be9
   609 0001:00002bea   610 0001:00002bec   611 0001:00002bef   612 0001:00002bfd
   613 0001:00002bff   614 0001:00002c00   616 0001:00002c06   617 0001:00002c08
   618 0001:00002c0a   619 0001:00002c0d   620 0001:00002c10   621 0001:00002c13
   623 0001:00002c16   624 0001:00002c20   625 0001:00002c21   626 0001:00002c24
   627 0001:00002c2a   628 0001:00002c2b   630 0001:00002c31   631 0001:00002c34
   633 0001:00002c3a   634 0001:00002c3f   635 0001:00002c42   636 0001:00002c48
   643 0001:00002c4d   644 0001:00002c50   647 0001:00002c52   648 0001:00002c58
   649 0001:00002c5a   651 0001:00002c64   652 0001:00002c67   653 0001:00002c6d
   654 0001:00002c6f   655 0001:00002c71   656 0001:00002c74   657 0001:00002c76
   660 0001:00002c78   661 0001:00002c82   662 0001:00002c83   663 0001:00002c86
   664 0001:00002c8c   665 0001:00002c8d   667 0001:00002c93   668 0001:00002c96
   670 0001:00002c98   671 0001:00002c9d   672 0001:00002ca0   673 0001:00002ca6
   679 0001:00002cab   681 0001:00002cae   682 0001:00002cb0   684 0001:00002cb1
   686 0001:00002cb6   687 0001:00002cbc   688 0001:00002cbd   690 0001:00002cc1
   691 0001:00002cc3   693 0001:00002cc4   694 0001:00002cc9   695 0001:00002cce
   697 0001:00002cd0   699 0001:00002cd5   700 0001:00002cdb   701 0001:00002cdc
   703 0001:00002cde   704 0001:00002ce4   706 0001:00002ce6   707 0001:00002cec
   708 0001:00002cee   709 0001:00002cf1   710 0001:00002cf3   712 0001:00002cf5
   713 0001:00002cf7   714 0001:00002cfa   716 0001:00002cfb   717 0001:00002d00
   719 0001:00002d05   720 0001:00002d08   721 0001:00002d0c   722 0001:00002d10
   723 0001:00002d14   725 0001:00002d17   727 0001:00002d1a   728 0001:00002d1b
   729 0001:00002d1e   731 0001:00002d20   732 0001:00002d23   733 0001:00002d28
   734 0001:00002d2a   737 0001:00002d2c   738 0001:00002d2e   739 0001:00002d2f
   742 0001:00002d30   743 0001:00002d35   744 0001:00002d36   757 0001:00002d37
   764 0001:00002d41   766 0001:00002d47   767 0001:00002d4a   769 0001:00002d4c
   770 0001:00002d4e   771 0001:00002d53   772 0001:00002d55   773 0001:00002d5c
   775 0001:00002d5e   779 0001:00002d68   780 0001:00002d6d   781 0001:00002d70
   782 0001:00002d75   787 0001:00002d77   788 0001:00002d7d   791 0001:00002d82
   792 0001:00002d85   793 0001:00002d87   795 0001:00002d89   796 0001:00002d8c
   797 0001:00002d8d   798 0001:00002d9b   799 0001:00002d9c   800 0001:00002d9e
   801 0001:00002da0   802 0001:00002da1   805 0001:00002da4   806 0001:00002da6
   807 0001:00002dac   808 0001:00002db2   809 0001:00002db4   810 0001:00002dbe
   814 0001:00002dc0   815 0001:00002dc3   817 0001:00002dc5   818 0001:00002dc6
   819 0001:00002dcc   822 0001:00002dce   823 0001:00002dcf   824 0001:00002dd6
   825 0001:00002dd8   826 0001:00002de9   828 0001:00002dea
Line numbers for vxdmon.obj(vxdmon.asm) segment ICODE_vxdd

   863 0002:00000054   876 0002:00000055   877 0002:00000056   878 0002:00000057
   879 0002:00000059   880 0002:0000005e   881 0002:0000005f   882 0002:00000060
   883 0002:00000061   884 0002:00000062   885 0002:00000063   886 0002:00000064
   887 0002:00000065   888 0002:00000067   890 0002:00000069   892 0002:00000070
   893 0002:00000075   899 0002:00000077   900 0002:0000007c   901 0002:00000081
   902 0002:00000086   903 0002:0000008b   907 0002:00000090   908 0002:00000095
   911 0002:0000009a   912 0002:0000009b
